[www.rodos614.com/index.html]
[backblue.gif]
[fade.gif]
[index.html]
[media-cdn.getbento.com/accounts/00edaf3ebdbc296b4ce97fe6b425e450/media/images/89514favicon.png]
[images.getbento.com/accounts/00edaf3ebdbc296b4ce97fe6b425e450/media/images/10876logof10e.jpg]
[ajax.googleapis.com/ajax/libs/webfont/1.6.26/webfont.js]
[theme-assets.getbento.com/osaka/0e3de0b.osaka/assets/js/head.min.js]
[assets-cdn-refresh.getbento.com/stylesheet/rodos614/scss/main.fdfe7e93d2adf239e5f8e3854deb278b.css]
[www.google-analytics.com/analytics.js]
[images.getbento.com/accounts/00edaf3ebdbc296b4ce97fe6b425e450/media/images/10876logo.png]
[images.getbento.com/accounts/00edaf3ebdbc296b4ce97fe6b425e450/media/CYEVVCKOScG7Ha76op7w_image_503713298417.jpg]
[www.rodos614.com/online-ordering/index.html]
[www.rodos614.com/location/rodos-european-grill/index.html]
[www.rodos614.com/menus/index.html]
[www.rodos614.com/about/index.html]
[www.rodos614.com/catering/index.html]
[www.rodos614.com/jobs/index.html]
[www.rodos614.com/press/index.html]
[theme-assets.getbento.com/osaka/0e3de0b.osaka/assets/js/foot.libs.min.js]
[www.rodos614.com/contact/index.html]
[theme-assets.getbento.com/osaka/0e3de0b.osaka/assets/js/bentobox.min.js]
[assets-cdn.getbento.com/static/analytics/js/bento-analytics.min.a7c4b9308d08.js]
[www.rodos614.com/index.html]
[assets-cdn-refresh.getbento.com/stylesheet/rodos614/scss/main.fdfe7e93d2adf239e5f8e3854deb278b.css]
[images.getbento.com/accounts/00edaf3ebdbc296b4ce97fe6b425e450/media/images/27325Image2020-12-30at7.32.16PMb729.jpg]
[rec.smartlook.com/recorder.js]
[rodos614.getbento.com/online-ordering/index.html]
[www.rodos614.com/online-ordering/index.html]
[www.rodos614.com/location/rodos-european-grill/index.html]
[www.rodos614.com/menus/index.html]
[www.rodos614.com/catering/index.html]
[app-assets.getbento.com/online-ordering/305c1a0/vendors_bundle.js]
[app-assets.getbento.com/online-ordering/305c1a0/main_bundle.js]
[images.getbento.com/accounts/00edaf3ebdbc296b4ce97fe6b425e450/media/images/377771b1a15a4-d824-4363-b881-44c3052f4042-restaurant_1208_ac_0111d2.jpg]
[images.getbento.com/accounts/00edaf3ebdbc296b4ce97fe6b425e450/media/images/377771b1a15a4-d824-4363-b881-44c3052f4042-restaurant_1208_ac_018417.jpg]
[www.rodos614.com/about/index.html]
[www.rodos614.com/jobs/index.html]
[images.getbento.com/accounts/00edaf3ebdbc296b4ce97fe6b425e450/media/images/377771b1a15a4-d824-4363-b881-44c3052f4042-restaurant_1208_ac_010982.jpg]
[images.getbento.com/accounts/00edaf3ebdbc296b4ce97fe6b425e450/media/images/79999480aef43-277b-4e1d-ad1c-7815f6ef7afb-restaurant_1208_ac_020982.jpg]
[images.getbento.com/accounts/00edaf3ebdbc296b4ce97fe6b425e450/media/images/74176Rodos-1150x5500982.jpg]
[www.rodos614.com/press/index.html]
[www.rodos614.com/contact/index.html]
[rodos614.getbento.com/online-ordering/index.html]
[www.rodos614.com/online-ordering/index.html]
[images.getbento.com/accounts/00edaf3ebdbc296b4ce97fe6b425e450/media/images/10876logo.png]
